
                      ;* ELEKTOR EC6809 CONSOLE I/O DRIVER
                      ;* WITH COMPACT FLASH MODS
                      ;* 08/2024 PH. ROEHR

                      ;* VARIOUS HARDWARE ADDRESSES

 EF80                 VIA     EQU     $EF80      ; CPU BOARD VIA ADDRESS
 EEA0                 ACIA2SR EQU     $EEA0      ; I/O BOARD ACIA ADRRESS STATUS
 0001                 ACIA2DR EQU     ACIASR+1   ; I/O BOARD ACIA ADRRESS DATA

                      ;* VARIOUS FLEX ADRESSES

 C700                 CHPR    EQU     $C700
 D435                 VRYFLG  EQU     $D435
 CC00                 TTYPRM  EQU     $CC00
 CC0B                 ASNPRM  EQU     $CC0B
 DFC2                 VECTBL  EQU     $DFC2
 CC2B                 MEMEND  EQU     $CC2B
 CA02                 DATCALL EQU     $CA02      ; ADDRESS OF JSR TO DATE PROMPT ROUTINE
 CC0E                 FLEXDAT EQU     $CC0E
 CD24                 PCRLF   EQU     $CD24
 CD1E                 PSTRNG  EQU     $CD1E
 DEB0                 CFOK    EQU     $DEB0

                      ;* IN CASE OF INTERRUPT THE ASSIST-09 EPROM
                      ;* JUMP AT THE ADDRESS STORED AT

 DFC8                 JSWIVE  EQU     VECTBL+6   ; FOR SWI3
 DFCE                 JIRQVE  EQU     VECTBL+12  ; FOR IRQ

                      ;* VARIOUS ADDRESSES INTO ESS540 ROM

 F033                 WTLDVI  EQU     $F033      ; GET // DATA INPUT
 F036                 INIT    EQU     $F036      ; INIT OF CPU VIA, ACIA AND CRTC
 F039                 VIARDY  EQU     $F039      ; TEST // DATA READY
 F03C                 JMPADR  EQU     $F03C      ; PUT CHAR ON SCREEN
 F03F                 GDTVIE  EQU     $F03F      ; GET // DATA INPUT WITH ECHO
 F01B                 ERTS    EQU     $F01B      ; SIMPLE RTS

 CD00                 COLDS   EQU     $CD00      ; FLEX COLD ENTRY

                              ORG     $D3E5

 D3E5 D371            INCHN   FDB     JINCHN     ; INPUT CHARACTER WITHOUT ECHO
 D3E7 D3AF            IHNDLR  FDB     JIHNDLR    ; IRQ INTERRUPT HANDLER
 D3E9 DFC8            SWIVEC  FDB     JSWIVE     ; SWI3 VECTOR LOCATION
 D3EB DFCE            IRQVEC  FDB     JIRQVE     ; IRQ VECTOR LOCATION
 D3ED D3A9            TMOFF   FDB     JTMOFF     ; TIMER OFF ROUTINE
 D3EF D3A5            TMON    FDB     JTMON      ; TIMER ON ROUTINE
 D3F1 D38C            TMINT   FDB     JTMINT     ; TIMER INITIALIZATION
 D3F3 D38A            MONITR  FDB     JMONIT     ; MONITOR ENTRY ADDRESS
 D3F5 D370            TINIT   FDB     JINIT      ; TERMINAL INITIALIZATION
 D3F7 D383            STAT    FDB     JSTAT      ; CHECK TERMINAL STATUS
 D3F9 D37C            OUTCH   FDB     JOUTCH     ; OUTPUT CHARACTER
 D3FB D376            INCH    FDB     JINCH      ; INPUT CHARACTER WITH ECHO

                              ORG     $D370

                      ;* INITIALIZATION
 D370 39              JINIT   RTS

                      ;* INPUT CHARACTER WITHOUT ECHO

 D371 BDF033          JINCHN  JSR     WTLDVI
 D374 2003                    BRA     BIT7

                      ;* INPUT CHARACTER WITH ECHO

 D376 BDF03F          JINCH   JSR     GDTVIE
 D379 847F            BIT7    ANDA    #$7F       ; CLEAR PARITY BIT
 D37B 39                      RTS

                      ;* OUTPUT CHAR

 D37C 347F            JOUTCH  PSHS    A,B,CC,DP,X,Y,U
 D37E BDF03C                  JSR     JMPADR
 D381 35FF                    PULS    A,B,CC,DP,X,Y,U,PC

                      ;* CHECK VIA STATUS (IF CHAR IS WAITING Z=1, ELSE Z=0)

 D383 3402            JSTAT   PSHS    A
 D385 BDF039                  JSR     VIARDY
 D388 3582                    PULS    A,PC

                      ;* MONITOR ENTRY ADDRESS

 D38A 3F              JMONIT  SWI
 D38B 08                      FCB    $08

                      ;* TIMER INITIALIZATION

 D38C 8640            JTMINT  LDA    #$40
 D38E B7EF8D                  STA    VIA+$0D     ; CLEAR INTERRUPT FLAG REGISTER
 D391 CC3A98                  LDD    #15000      ; 15 MS INTERRUPTS
 D394 F7EF84                  STB    VIA+$04     ; WRITE LOW ORDER LATCH
 D397 B7EF85                  STA    VIA+$05     ; WRITE HIGH ORDER COUNTER
 D39A B6EF8B                  LDA    VIA+$0B
 D39D 847F                    ANDA   #%01111111  ; TIMER 1 NO OUTPUT ON PB7
 D39F 8A40                    ORA    #%01000000  ; T1 CONTINUOUS INTERRUPT MODE
 D3A1 B7EF8B                  STA    VIA+$0B     ; START T1
 D3A4 39                      RTS

                      ;* TIMER ON ROUTINE

 D3A5 86C0            JTMON   LDA    #%11000000  ; $C0 ENABLE T1 IRQ
 D3A7 2002                    BRA    STOVIA

                      ;* TIMER OFF ROUTINE - STORE IN VIA

 D3A9 8640            JTMOFF  LDA    #%01000000  ; $40 DISABLE T1 IRQ
 D3AB B7EF8E          STOVIA  STA    VIA+$0E
 D3AE 39                      RTS

                      ;* IRQ INTERCEPTION

 D3AF 3402            JIHNDLR PSHS   A           ; SAVES ON STACK
 D3B1 B6EF8D                  LDA    VIA+$0D     ; GET VIA INTERRUPT FLAG REGISTER
 D3B4 48                      ASLA
 D3B5 48                      ASLA               ; GET BIT 6 INTO CARRY
 D3B6 240A                    BCC    NSPOOL      ; BRANCH IF CARRY NOT SET
 D3B8 8640                    LDA    #%01000000  ; $40
 D3BA B7EF8D                  STA    VIA+$0D     ; CLEAR INTERRUPT FLAG REGISTER BIT 6
 D3BD 3502                    PULS   A           ; RESTORE STACK
 D3BF 7EC700                  JMP    CHPR        ; JUMP TO SPOOLER
 D3C2 3502            NSPOOL  PULS   A           ; RESTORE STACK
 D3C4 3B                      RTI

                      ; INIT ACIA OF I/O BOARD

 D3C5 CC0311          ACI2INT LDD     #$0311     ; ACIA2 RESET CODE & CONFIG BYTE FOR 8N2 DIV 16
 D3C8 B7EEA0                  STA     ACIA2SR    ; RESET ACIA2
 D3CB F7EEA0                  STB     ACIA2SR    ; CONFIGURE ACIA2
 D3CE B6DEB0                  LDA     CFOK       ; DISPLAY MESSAGE IF CF DETECTED
 D3D1 270F                    BEQ     ENDIN
 D3D3 8102                    CMPA    #02
 D3D5 2605                    BNE     CF1
 D3D7 8EDE4E                  LDX     #CF2MSG
 D3DA 2003                    BRA     PRT
 D3DC 8EDE2E          CF1     LDX     #CF1MSG
 D3DF BDCD1E          PRT     JSR     PSTRNG
 D3E2 39              ENDIN   RTS

                      ;* USE SOME FREE PLACE AT END OF DISK DRIVER TO STORE MESSAGE
                      ;* !!! WARNING MUST NOT EXCEED $DE7F !!!

                              ORG     $DE2E

 DE2E 43462044455445  CF1MSG  FCC     'CF DETECTED - MAPPED TO DISK 2.'
 DE35 43544544202D20
 DE3C 4D415050454420
 DE43 544F204449534B
 DE4A 20322E
 DE4D 04                      FCB     $04
 DE4E 32204346204445  CF2MSG  FCC     '2 CF DETECTED - MAPPED TO DISK 2 & 3.'
 DE55 54454354454420
 DE5C 2D204D41505045
 DE63 4420544F204449
 DE6A 534B2032202620
 DE71 332E
 DE73 04                      FCB     $04

                      ;* STORE ACIA 1 INIT ROUTINE ADDRESS IN FLEX KERNEL AT PLACE
                      ;* WHERE FLEX JUMP TO INPUT DATE ROUTINE
                              ORG     DATCALL+1
 CA03 D3C5                    FDB     ACI2INT

                      ;* INHIBIT MEMORY TEST AT STARTUP
                              ORG     $CA33
 CA33 7ECA53                  JMP     $CA53
*** warning 1: Long branch within short branch range could be optimized

                      ;* SET VERIFY OFF
                              ORG    VRYFLG
 D435 00                      FCB    $00

                      ;* SET TTYSET PARAMETERS
                              ORG    TTYPRM
 CC00 08183A                  FCB    $08,$18,$3A
 CC03 185018                  FCB    $18,$50,$18
 CC06 000800                  FCB    $00,$08,$00
 CC09 591B                    FCB    $59,$1B

                      ;* SET ASN PARAMETERS
                              ORG    ASNPRM
 CC0B 0001                    FCB    $00,$01

                      ;* SET MEMEND
                              ORG    MEMEND
 CC2B BFFF                    FDB    $BFFF

 CD00                         END    COLDS

1 warning(s) in pass 2.

SYMBOL TABLE
   ACI2INT 02 D3C5   ACIA2DR 02 0001   ACIA2SR 00 EEA0    ACIASR 06 0000
    ASNPRM 00 CC0B      BIT7 02 D379       CF1 02 D3DC    CF1MSG 02 DE2E
    CF2MSG 02 DE4E      CFOK 00 DEB0      CHPR 00 C700     COLDS 00 CD00
   DATCALL 00 CA02     ENDIN 02 D3E2      ERTS 00 F01B   FLEXDAT 00 CC0E
    GDTVIE 00 F03F    IHNDLR 02 D3E7      INCH 02 D3FB     INCHN 02 D3E5
      INIT 00 F036    IRQVEC 02 D3EB   JIHNDLR 02 D3AF     JINCH 02 D376
    JINCHN 02 D371     JINIT 02 D370    JIRQVE 00 DFCE    JMONIT 02 D38A
    JMPADR 00 F03C    JOUTCH 02 D37C     JSTAT 02 D383    JSWIVE 00 DFC8
    JTMINT 02 D38C    JTMOFF 02 D3A9     JTMON 02 D3A5    MEMEND 00 CC2B
    MONITR 02 D3F3    NSPOOL 02 D3C2     OUTCH 02 D3F9     PCRLF 00 CD24
       PRT 02 D3DF    PSTRNG 00 CD1E      STAT 02 D3F7    STOVIA 02 D3AB
    SWIVEC 02 D3E9     TINIT 02 D3F5     TMINT 02 D3F1     TMOFF 02 D3ED
      TMON 02 D3EF    TTYPRM 00 CC00    VECTBL 00 DFC2       VIA 00 EF80
    VIARDY 00 F039    VRYFLG 00 D435    WTLDVI 00 F033
55 SYMBOLS

0 error(s), 1 warning(s)
